// Vitest Snapshot v1, https://vitest.dev/guide/snapshot.html

exports[`NotFound > should render correctly 1`] = `
{
  "asFragment": [Function],
  "baseElement": <body>
    <div>
      <div
        class="w-full h-full flex items-center justify-center"
      >
        <div
          class="w-[460px] m-auto flex flex-col items-center p-6"
        >
          <div
            class="animate__animated animate__bounceIn mb-2"
          >
            <span
              class="text-2xl text-gray-800 font-display font-bold"
            >
              Page Not Found
            </span>
          </div>
          <div
            class="animate__animated animate__fadeInUp animate__delay-1s text-center mb-8"
          >
            <span
              class="text-gray-600"
            >
              The page you are looking for does not exist. You may have followed a broken link or the page might have been moved or deleted.
            </span>
          </div>
          <div
            class="animate__animated animate__fadeInUp animate__delay-2s"
          >
            <a
              href="/"
            >
              <span
                class="text-4xl text-gray-800"
              >
                <span
                  class="font-brand lowercase"
                >
                  Kickstart
                </span>
              </span>
            </a>
          </div>
        </div>
      </div>
    </div>
  </body>,
  "container": <div>
    <div
      class="w-full h-full flex items-center justify-center"
    >
      <div
        class="w-[460px] m-auto flex flex-col items-center p-6"
      >
        <div
          class="animate__animated animate__bounceIn mb-2"
        >
          <span
            class="text-2xl text-gray-800 font-display font-bold"
          >
            Page Not Found
          </span>
        </div>
        <div
          class="animate__animated animate__fadeInUp animate__delay-1s text-center mb-8"
        >
          <span
            class="text-gray-600"
          >
            The page you are looking for does not exist. You may have followed a broken link or the page might have been moved or deleted.
          </span>
        </div>
        <div
          class="animate__animated animate__fadeInUp animate__delay-2s"
        >
          <a
            href="/"
          >
            <span
              class="text-4xl text-gray-800"
            >
              <span
                class="font-brand lowercase"
              >
                Kickstart
              </span>
            </span>
          </a>
        </div>
      </div>
    </div>
  </div>,
  "debug": [Function],
  "findAllByAltText": [Function],
  "findAllByDisplayValue": [Function],
  "findAllByLabelText": [Function],
  "findAllByPlaceholderText": [Function],
  "findAllByRole": [Function],
  "findAllByTestId": [Function],
  "findAllByText": [Function],
  "findAllByTitle": [Function],
  "findByAltText": [Function],
  "findByDisplayValue": [Function],
  "findByLabelText": [Function],
  "findByPlaceholderText": [Function],
  "findByRole": [Function],
  "findByTestId": [Function],
  "findByText": [Function],
  "findByTitle": [Function],
  "getAllByAltText": [Function],
  "getAllByDisplayValue": [Function],
  "getAllByLabelText": [Function],
  "getAllByPlaceholderText": [Function],
  "getAllByRole": [Function],
  "getAllByTestId": [Function],
  "getAllByText": [Function],
  "getAllByTitle": [Function],
  "getByAltText": [Function],
  "getByDisplayValue": [Function],
  "getByLabelText": [Function],
  "getByPlaceholderText": [Function],
  "getByRole": [Function],
  "getByTestId": [Function],
  "getByText": [Function],
  "getByTitle": [Function],
  "queryAllByAltText": [Function],
  "queryAllByDisplayValue": [Function],
  "queryAllByLabelText": [Function],
  "queryAllByPlaceholderText": [Function],
  "queryAllByRole": [Function],
  "queryAllByTestId": [Function],
  "queryAllByText": [Function],
  "queryAllByTitle": [Function],
  "queryByAltText": [Function],
  "queryByDisplayValue": [Function],
  "queryByLabelText": [Function],
  "queryByPlaceholderText": [Function],
  "queryByRole": [Function],
  "queryByTestId": [Function],
  "queryByText": [Function],
  "queryByTitle": [Function],
  "rerender": [Function],
  "unmount": [Function],
}
`;
